LIST_ComponentShortListHeader
python                   1.0.0-rc3-dev       Graal.Python                  -                             acme.org
python                   1.0.0-rc3-dev       Graal.Python                  -                             acme.org
R                        1.0.0-rc3-dev       FastR                         -                             acme.org
R                        1.0.0-rc3-dev       FastR                         -                             acme.org
ruby                     1.0.0-rc3-dev       TruffleRuby                   -                             acme.org
ruby                     1.0.0-rc3-dev       TruffleRuby                   -                             acme.org

