# Copyright (c) 2023, 2023, Oracle and/or its affiliates. All rights reserved.
# DO NOT ALTER OR REMOVE COPYRIGHT NOTICES OR THIS FILE HEADER.
#
# This code is free software; you can redistribute it and/or modify it
# under the terms of the GNU General Public License version 2 only, as
# published by the Free Software Foundation.  Oracle designates this
# particular file as subject to the "Classpath" exception as provided
# by Oracle in the LICENSE file that accompanied this code.
#
# This code is distributed in the hope that it will be useful, but WITHOUT
# ANY WARRANTY; without even the implied warranty of MERCHANTABILITY or
# FITNESS FOR A PARTICULAR PURPOSE.  See the GNU General Public License
# version 2 for more details (a copy is included in the LICENSE file that
# accompanied this code).
#
# You should have received a copy of the GNU General Public License version
# 2 along with this work; if not, write to the Free Software Foundation,
# Inc., 51 Franklin St, Fifth Floor, Boston, MA 02110-1301 USA.
#
# Please contact Oracle, 500 Oracle Parkway, Redwood Shores, CA 94065 USA
# or visit www.oracle.com if you need additional information or have any
# questions.
#
Opened file: StepTest.js
Stack (1)
:program StepTest.js:28
Scope (3)
Local
this :  Object global{Object: function Object() {
global Global
Stack (1)
:program StepTest.js:47
Scope (3)
Local
this :  Object global{Object: function Object() {
global Global
Stack (1)
:program StepTest.js:49
Scope (3)
Local
this :  Object global{Object: function Object() {
global Global
Stack (2)
binarySearch StepTest.js:31
:program StepTest.js:49
Scope (5)
Local
this :  Object global{Object: function Object() {
array :  \(10\) \[1, 2, 3, 5, 8,.*
element :  12
global Global
Stack (2)
binarySearch StepTest.js:32
:program StepTest.js:49
Scope (6)
Local
this :  Object global{Object: function Object() {
array :  \(10\) \[1, 2, 3, 5, 8,.*
element :  12
i1 :  0
global Global
Stack (2)
binarySearch StepTest.js:33
:program StepTest.js:49
Scope (7)
Local
this :  Object global{Object: function Object() {
array :  \(10\) \[1, 2, 3, 5, 8,.*
element :  12
i1 :  0
i2 :  9
global Global
Stack (2)
binarySearch StepTest.js:36
:program StepTest.js:49
Scope (10)
Block
diff :  -4
i :  4
Local
this :  Object global{Object: function Object() {
array :  \(10\) \[1, 2, 3, 5, 8,.*
element :  12
i1 :  0
i2 :  9
global Global
Stack (2)
binarySearch StepTest.js:38
:program StepTest.js:49
Scope (10)
Block
diff :  -4
i :  4
Local
this :  Object global{Object: function Object() {
array :  \(10\) \[1, 2, 3, 5, 8,.*
element :  12
i1 :  0
i2 :  9
global Global
Stack (1)
:program StepTest.js:49
Scope (3)
Local
this :  Object global{Object: function Object() {
global Global
Index of element 12 is: 6
Index of element 8 is: 4
